1/ Snapshot and restore
Error with "path.repo":

#log:
$ cat /var/log/elasticsearch/elasticsearch.log

#edit:
$ nano /etc/rc.d/init.d/elasticsearch
$ nano /usr/lib/systemd/system/elasticsearch.service . #see below
$ nano /etc/elasticsearch/elasticsearch.yml . # add path.repo: ["path_to_store_backup"]

#restart
$ sudo systemctl restart elasticsearch

#check status
$ sudo systemctl status elasticsearch

-----

#edit guide

adding :
REPO_DIR=/backup/es_backup_basic

and
DAEMON_OPTS="-d -p $PID_FILE --default.config=$CONF_FILE --default.path.home=$ES_HOME --default.path.logs=$LOG_DIR --default.path.data=$DATA_DIR --default.path.work=$WORK_DIR --default.path.conf=$CONF_DIR--default.path.repo=$REPO_DIR "
