1/ Snapshot

curl -X PUT "localhost:9200/_snapshot/my_backup" -H 'Content-Type: application/json' -d'
{
  "type": "fs",
  "settings": {
    "location": "my_backup_location"
  }
}
'

curl -XPUT localhost:8180/_snapshot/my_backup/snapshot_1


* Error with "path.repo":

#log:
$ cat /var/log/elasticsearch/elasticsearch.log

#edit:
$ nano /etc/rc.d/init.d/elasticsearch
$ nano /usr/lib/systemd/system/elasticsearch.service . #see below
$ nano /etc/elasticsearch/elasticsearch.yml . # add path.repo: ["path_to_store_backup"]

#restart
$ sudo systemctl restart elasticsearch

#check status
$ sudo systemctl status elasticsearch

-----

#edit guide

adding :
REPO_DIR="path_to_store_backup"

and
DAEMON_OPTS="-d -p $PID_FILE --default.config=$CONF_FILE --default.path.home=$ES_HOME --default.path.logs=$LOG_DIR --default.path.data=$DATA_DIR --default.path.work=$WORK_DIR --default.path.conf=$CONF_DIR--default.path.repo=$REPO_DIR "




2/ Restore:
$ curl -XPOST "localhost:PORT/_snapshot/MY_BACKUP/snapshot_1/_restore"

if error "because it's open", run 
$ curl -X POST "localhost:PORT/_all/_close" 

re-open if needed: 
$ curl -X POST "localhost:PORT/my_index/_open"


3/ Run groovy script with python:
if error: "reason": "scripts of type [inline], operation [search] and lang [groovy] are disabled"
-> put the 2 lines "script.inline: on" and "script.indexed: on" in elasticsearch.yml

4/ can not curl from other machine:
edit elasticsearch.yml:
  network.bind_host: 0.0.0.0
  
  
5/ get all data from a index using POST MAN
[GET] http://x.y.z.y:PORT/THE_INDEX/_search?size=10000
